../Core/Src/emv_payment_flow.c:23:14:EMV_Payment_Initialize	24	static
../Core/Src/emv_payment_flow.c:49:13:EMV_Payment_GetStateDescription	16	static
../Core/Src/emv_payment_flow.c:75:14:EMV_Payment_ProcessStateMachine	24	static
../Core/Src/emv_payment_flow.c:211:14:EMV_State_ApplicationSelection	24	static
../Core/Src/emv_payment_flow.c:236:14:EMV_State_ApplicationInitialization	24	static
../Core/Src/emv_payment_flow.c:254:14:EMV_State_ReadApplicationData	24	static
../Core/Src/emv_payment_flow.c:273:14:EMV_State_OfflineDataAuthentication	24	static
../Core/Src/emv_payment_flow.c:301:14:EMV_State_ProcessingRestrictions	24	static
../Core/Src/emv_payment_flow.c:329:14:EMV_State_CardholderVerification	16	static
../Core/Src/emv_payment_flow.c:347:14:EMV_State_TerminalRiskManagement	24	static
../Core/Src/emv_payment_flow.c:381:14:EMV_State_TerminalActionAnalysis	24	static
../Core/Src/emv_payment_flow.c:415:14:EMV_State_OnlineDecision	16	static
../Core/Src/emv_payment_flow.c:435:14:EMV_State_OnlineProcessing	24	static
../Core/Src/emv_payment_flow.c:461:14:EMV_State_IssuerAuthentication	24	static
../Core/Src/emv_payment_flow.c:487:14:EMV_State_Completion	32	static
../Core/Src/emv_payment_flow.c:511:14:EMV_State_ScriptProcessing	24	static
../Core/Src/emv_payment_flow.c:541:18:EMV_SendToLinux	2096	static
../Core/Src/emv_payment_flow.c:632:18:EMV_FormatAndSendLinuxCommand	16	static
../Core/Src/emv_payment_flow.c:721:14:EMV_ProcessPaymentFlow	4200	static
