../Core/Src/emv_payment_flow.c:23:14:EMV_Payment_Initialize	24	static
../Core/Src/emv_payment_flow.c:49:13:EMV_Payment_GetStateDescription	16	static
../Core/Src/emv_payment_flow.c:75:14:EMV_Payment_ProcessStateMachine	24	static
../Core/Src/emv_payment_flow.c:211:14:EMV_State_ApplicationSelection	24	static
../Core/Src/emv_payment_flow.c:236:14:EMV_State_ApplicationInitialization	24	static
../Core/Src/emv_payment_flow.c:254:14:EMV_State_ReadApplicationData	24	static
../Core/Src/emv_payment_flow.c:273:14:EMV_State_OfflineDataAuthentication	288	static
../Core/Src/emv_payment_flow.c:309:14:EMV_State_ProcessingRestrictions	24	static
../Core/Src/emv_payment_flow.c:337:14:EMV_State_CardholderVerification	16	static
../Core/Src/emv_payment_flow.c:355:14:EMV_State_TerminalRiskManagement	24	static
../Core/Src/emv_payment_flow.c:389:14:EMV_State_TerminalActionAnalysis	24	static
../Core/Src/emv_payment_flow.c:423:14:EMV_State_OnlineDecision	16	static
../Core/Src/emv_payment_flow.c:443:14:EMV_State_OnlineProcessing	24	static
../Core/Src/emv_payment_flow.c:469:14:EMV_State_IssuerAuthentication	24	static
../Core/Src/emv_payment_flow.c:495:14:EMV_State_Completion	32	static
../Core/Src/emv_payment_flow.c:519:14:EMV_State_ScriptProcessing	24	static
../Core/Src/emv_payment_flow.c:549:18:EMV_SendToLinux	2096	static
../Core/Src/emv_payment_flow.c:640:18:EMV_FormatAndSendLinuxCommand	16	static
../Core/Src/emv_payment_flow.c:729:14:EMV_ProcessPaymentFlow	4200	static
../Core/Src/emv_payment_flow.c:779:14:EMV_InternalAuthenticate	328	static
