../Core/Src/pn5180.c:33:16:PN5180_SPI_ReadWriteByte	24	static
../Core/Src/pn5180.c:53:6:PN5180_Reset	8	static
../Core/Src/pn5180.c:63:5:PN5180_BusyPinIsHigh	8	static
../Core/Src/pn5180.c:68:5:PN5180_BusyPinIsLow	8	static
../Core/Src/pn5180.c:73:6:PN5180_Select	8	static
../Core/Src/pn5180.c:78:6:PN5180_DisSelect	8	static
../Core/Src/pn5180.c:97:6:PN5180_WriteBytes	24	static
../Core/Src/pn5180.c:118:6:PN5180_ReadBytes	32	static
../Core/Src/pn5180.c:143:6:PN5180_ReadE2Prom	24	static
../Core/Src/pn5180.c:156:6:PN5180_WriteE2Prom	24	static
../Core/Src/pn5180.c:168:6:PN5180_WriteRegisterAndMask	24	static
../Core/Src/pn5180.c:182:6:PN5180_WriteRegisterOrMask	24	static
../Core/Src/pn5180.c:196:6:PN5180_WriteRegister	24	static
../Core/Src/pn5180.c:210:10:PN5180_ReadRegister	24	static
../Core/Src/pn5180.c:224:5:PN5180_Init	16	static
../Core/Src/pn5180.c:273:6:PN5180_FieleOff	16	static
../Core/Src/pn5180.c:280:6:PN5180_FieleOn	16	static
../Core/Src/pn5180.c:287:9:PN5180_GetFieleState	8	static
../Core/Src/pn5180.c:296:10:PN5180_GetIRQStatus	8	static
../Core/Src/pn5180.c:301:10:PN5180_GetRxStatus	8	static
../Core/Src/pn5180.c:306:10:PN5180_GetRfStatus	8	static
../Core/Src/pn5180.c:311:5:PN5180_ClearIRQStatus	24	static
../Core/Src/pn5180.c:334:10:PN5180_GetTransceiveState	8	static
../Core/Src/pn5180.c:339:6:PN5180_LoadRFConfiguration	24	static
